Already done: 0, Remaining: 77
Rate limit: 3s delay between calls, 120s timeout per call

[1/77] AabbExtensions                                     CLEAN
[2/77] AlwaysUpdatePhysicsWorld                           SKIP (ERROR: TIMEOUT)
[3/77] ArchetypeChunk_DidChange                           ISSUES
[4/77] ArchetypeChunk_GetDynamicBufferAccessor            SKIP (ERROR: TIMEOUT)
[5/77] BitArrayUtilities                                  SKIP (ERROR: TIMEOUT)
[6/77] BlobBuilderExtensions                              SKIP (ERROR: TIMEOUT)
[7/77] BlobCurve                                          ISSUES
[8/77] BlobHashMapData                                    ISSUES
[9/77] BlobPerfectHashMap                                 ISSUES
[10/77] BurstTrampoline                                    ISSUES
[11/77] BurstUtil                                          ISSUES
[12/77] CalculateEventMapBucketsJob                        SKIP (ERROR: TIMEOUT)
[13/77] CodecService                                       ISSUES
[14/77] ComponentLookup_GetOptionalComponentDataRW         CLEAN
[15/77] ComponentLookup_SetChangeFilter                    CLEAN
[16/77] ConvexHullBuilder                                  CLEAN
[17/77] CurveRemapUtility                                  CLEAN
[18/77] DebugUtil.SplitInt                                 ISSUES
[19/77] Deserializer                                       CLEAN
[20/77] DistanceHitSortAscending                           CLEAN
[21/77] DynamicHashSet                                     ISSUES
[22/77] DynamicMultiHashMap                                SKIP (ERROR: TIMEOUT)
[23/77] DynamicUntypedBuffer                               ISSUES
[24/77] DynamicVariableMap                                 CLEAN
[25/77] EnableMaskCreator                                  ISSUES
[26/77] EntityLock                                         SKIP (ERROR: TIMEOUT)
[27/77] EntityQueryBuilder_WithAllRW                       ISSUES
[28/77] EntityQuery_GetFirstEntity                         ISSUES
[29/77] EntityQuery_GetSingletonBufferNoSync               ISSUES
[30/77] EntityQuery_QueryHasSharedFilter                   ISSUES
[31/77] EntityQuery_ReplaceSharedComponentFilter           ISSUES
[32/77] FixedArray                                         SKIP (ERROR: TIMEOUT)
[33/77] GlobalRandom                                       ISSUES
[34/77] HSV                                                SKIP (ERROR: TIMEOUT)
[35/77] HalfSizeTriangleMatrix                             SKIP (ERROR: TIMEOUT)
[36/77] IJobChunkWorkerBeginEnd                            SKIP (ERROR: TIMEOUT)
[37/77] IJobHashMapDefer                                   SKIP (ERROR: TIMEOUT)
[38/77] IJobParallelForDeferBatch                          ISSUES
[39/77] IJobParallelForDeferExtensions                     